# Source of the graph-ted-db docs published at /graph-ted-db/docs/.
# scripts/build_site.sh exports this exact commit and builds its MkDocs site.
# To publish newer docs, bump `commit` in a PR (full SHA from graph-ted-db main).
repository=https://github.com/graph-ted/graph-ted-db
commit=6cc5e3e5afa65a937bdc0ba7d1af07efaa62668f
